Cypressによるポイントシステム結合テストが完了しました。テストによってポイント履歴表示、ポイント付与トリガー連携、ポイント消費ロジック、ギバースコア計算アルゴリズム（減衰含む）の機能が適切に動作することを確認済み。
